[themes.pixelstrap.com/fastkart/front-end/index.html]
[backblue.gif]
[fade.gif]
[index.html]
[themes.pixelstrap.com/fastkart/assets/images/favicon/1.png]
[themes.pixelstrap.com/fastkart/assets/css/vendors/bootstrap.css]
[themes.pixelstrap.com/fastkart/assets/css/animate.min.css]
[themes.pixelstrap.com/fastkart/assets/css/bulk-style.css]
[themes.pixelstrap.com/fastkart/assets/css/vendors/animate.css]
[themes.pixelstrap.com/fastkart/assets/css/style.css]
[themes.pixelstrap.com/fastkart/front-end/shop-left-sidebar.html]
[themes.pixelstrap.com/fastkart/assets/images/country/united-states.png]
[themes.pixelstrap.com/fastkart/assets/images/country/united-kingdom.png]
[themes.pixelstrap.com/fastkart/assets/images/country/germany.png]
[themes.pixelstrap.com/fastkart/assets/images/country/turkish.png]
[themes.pixelstrap.com/fastkart/assets/images/logo/1.png]
[themes.pixelstrap.com/fastkart/front-end/contact-us.html]
[themes.pixelstrap.com/fastkart/front-end/wishlist.html]
[themes.pixelstrap.com/fastkart/front-end/product-left-thumbnail.html]
[themes.pixelstrap.com/fastkart/assets/images/vegetable/product/1.png]
[themes.pixelstrap.com/fastkart/assets/images/vegetable/product/2.png]
[themes.pixelstrap.com/fastkart/front-end/cart.html]
[themes.pixelstrap.com/fastkart/front-end/checkout.html]
[themes.pixelstrap.com/fastkart/front-end/login.html]
[themes.pixelstrap.com/fastkart/front-end/sign-up.html]
[themes.pixelstrap.com/fastkart/front-end/forgot.html]
[themes.pixelstrap.com/fastkart/front-end/index-2.html]
[themes.pixelstrap.com/fastkart/front-end/index-3.html]
[themes.pixelstrap.com/fastkart/front-end/index-4.html]
[themes.pixelstrap.com/fastkart/front-end/index-5.html]
[themes.pixelstrap.com/fastkart/front-end/index-6.html]
[themes.pixelstrap.com/fastkart/front-end/index-7.html]
[themes.pixelstrap.com/fastkart/front-end/index-8.html]
[themes.pixelstrap.com/fastkart/front-end/index-9.html]
[themes.pixelstrap.com/fastkart/front-end/index-10.html]
[themes.pixelstrap.com/fastkart/front-end/index-11.html]
[themes.pixelstrap.com/fastkart/front-end/shop-category-slider.html]
[themes.pixelstrap.com/fastkart/front-end/shop-category.html]
[themes.pixelstrap.com/fastkart/front-end/shop-banner.html]
[themes.pixelstrap.com/fastkart/front-end/shop-list.html]
[themes.pixelstrap.com/fastkart/front-end/shop-right-sidebar.html]
[themes.pixelstrap.com/fastkart/front-end/shop-top-filter.html]
[themes.pixelstrap.com/fastkart/front-end/product-4-image.html]
[themes.pixelstrap.com/fastkart/front-end/product-slider.html]
[themes.pixelstrap.com/fastkart/front-end/product-sticky.html]
[themes.pixelstrap.com/fastkart/front-end/product-accordion.html]
[themes.pixelstrap.com/fastkart/front-end/product-circle.html]
[themes.pixelstrap.com/fastkart/front-end/product-digital.html]
[themes.pixelstrap.com/fastkart/front-end/product-sold-out.html]
[themes.pixelstrap.com/fastkart/front-end/product-rectangle.html]
[themes.pixelstrap.com/fastkart/front-end/product-color-image.html]
[themes.pixelstrap.com/fastkart/front-end/product-radio.html]
[themes.pixelstrap.com/fastkart/front-end/product-dropdown.html]
[themes.pixelstrap.com/fastkart/front-end/product-dynamic.html]
[themes.pixelstrap.com/fastkart/front-end/product-bundle.html]
[themes.pixelstrap.com/fastkart/front-end/product-image.html]
[themes.pixelstrap.com/fastkart/front-end/product-size-chart.html]
[themes.pixelstrap.com/fastkart/front-end/product-expert.html]
[themes.pixelstrap.com/fastkart/front-end/product-bottom-thumbnail.html]
[themes.pixelstrap.com/fastkart/front-end/product-right-thumbnail.html]
[themes.pixelstrap.com/fastkart/assets/images/mega-menu.png]
[themes.pixelstrap.com/fastkart/front-end/blog-detail.html]
[themes.pixelstrap.com/fastkart/front-end/blog-grid.html]
[themes.pixelstrap.com/fastkart/front-end/blog-list.html]
[themes.pixelstrap.com/fastkart/front-end/404.html]
[themes.pixelstrap.com/fastkart/front-end/about-us.html]
[themes.pixelstrap.com/fastkart/front-end/coming-soon.html]
[themes.pixelstrap.com/fastkart/front-end/compare.html]
[themes.pixelstrap.com/fastkart/front-end/faq.html]
[themes.pixelstrap.com/fastkart/front-end/order-success.html]
[themes.pixelstrap.com/fastkart/front-end/order-tracking.html]
[themes.pixelstrap.com/fastkart/front-end/otp.html]
[themes.pixelstrap.com/fastkart/front-end/search.html]
[themes.pixelstrap.com/fastkart/front-end/user-dashboard.html]
[themes.pixelstrap.com/fastkart/front-end/seller-become.html]
[themes.pixelstrap.com/fastkart/front-end/seller-dashboard.html]
[themes.pixelstrap.com/fastkart/front-end/seller-detail.html]
[themes.pixelstrap.com/fastkart/front-end/seller-detail-2.html]
[themes.pixelstrap.com/fastkart/front-end/seller-grid.html]
[themes.pixelstrap.com/fastkart/front-end/seller-grid-2.html]
[themes.pixelstrap.com/fastkart/assets/images/vegetable/banner/1.jpg]
[themes.pixelstrap.com/fastkart/assets/images/vegetable/banner/2.jpg]
[themes.pixelstrap.com/fastkart/assets/images/vegetable/banner/3.jpg]
[themes.pixelstrap.com/fastkart/assets/images/vegetable/banner/4.jpg]
[themes.pixelstrap.com/fastkart/assets/images/vegetable/banner/5.jpg]
[themes.pixelstrap.com/fastkart/assets/images/vegetable/banner/6.jpg]
[themes.pixelstrap.com/fastkart/assets/images/vegetable/banner/7.jpg]
[themes.pixelstrap.com/fastkart/assets/images/vegetable/banner/8.jpg]
[themes.pixelstrap.com/fastkart/assets/images/vegetable/banner/11.jpg]
[themes.pixelstrap.com/fastkart/assets/images/vegetable/product/23.png]
[themes.pixelstrap.com/fastkart/assets/images/vegetable/product/24.png]
[themes.pixelstrap.com/fastkart/assets/images/vegetable/product/25.png]
[themes.pixelstrap.com/fastkart/assets/images/vegetable/product/26.png]
[themes.pixelstrap.com/fastkart/assets/images/vegetable/review/1.jpg]
[themes.pixelstrap.com/fastkart/assets/images/vegetable/product/3.png]
[themes.pixelstrap.com/fastkart/assets/images/vegetable/product/4.png]
[themes.pixelstrap.com/fastkart/assets/images/vegetable/product/5.png]
[themes.pixelstrap.com/fastkart/assets/images/vegetable/product/6.png]
[themes.pixelstrap.com/fastkart/assets/images/vegetable/product/7.png]
[themes.pixelstrap.com/fastkart/assets/images/vegetable/product/8.png]
[themes.pixelstrap.com/fastkart/assets/images/vegetable/product/9.png]
[themes.pixelstrap.com/fastkart/assets/images/vegetable/product/10.png]
[themes.pixelstrap.com/fastkart/assets/images/vegetable/banner/9.jpg]
[themes.pixelstrap.com/fastkart/assets/images/vegetable/banner/10.jpg]
[themes.pixelstrap.com/fastkart/assets/images/vegetable/banner/15.jpg]
[themes.pixelstrap.com/fastkart/assets/images/vegetable/banner/12.jpg]
[themes.pixelstrap.com/fastkart/assets/images/vegetable/banner/13.jpg]
[themes.pixelstrap.com/fastkart/assets/images/vegetable/product/11.png]
[themes.pixelstrap.com/fastkart/assets/images/vegetable/product/12.png]
[themes.pixelstrap.com/fastkart/assets/images/vegetable/product/13.png]
[themes.pixelstrap.com/fastkart/assets/images/vegetable/product/14.png]
[themes.pixelstrap.com/fastkart/assets/images/vegetable/product/15.png]
[themes.pixelstrap.com/fastkart/assets/images/vegetable/product/16.png]
[themes.pixelstrap.com/fastkart/assets/images/vegetable/product/17.png]
[themes.pixelstrap.com/fastkart/assets/images/vegetable/product/18.png]
[themes.pixelstrap.com/fastkart/assets/images/vegetable/product/19.png]
[themes.pixelstrap.com/fastkart/assets/images/vegetable/product/20.png]
[themes.pixelstrap.com/fastkart/assets/images/vegetable/product/21.png]
[themes.pixelstrap.com/fastkart/assets/images/vegetable/product/22.png]
[themes.pixelstrap.com/fastkart/assets/images/vegetable/banner/14.jpg]
[themes.pixelstrap.com/fastkart/assets/images/vegetable/blog/1.jpg]
[themes.pixelstrap.com/fastkart/assets/images/vegetable/blog/2.jpg]
[themes.pixelstrap.com/fastkart/assets/images/vegetable/blog/3.jpg]
[themes.pixelstrap.com/fastkart/assets/images/payment/1.png]
[themes.pixelstrap.com/fastkart/assets/images/product/category/1.jpg]
[themes.pixelstrap.com/fastkart/assets/images/cookie-bar.png]
[themes.pixelstrap.com/fastkart/assets/js/jquery-3.6.0.min.js]
[themes.pixelstrap.com/fastkart/assets/js/jquery-ui.min.js]
[themes.pixelstrap.com/fastkart/assets/js/bootstrap/bootstrap.bundle.min.js]
[themes.pixelstrap.com/fastkart/assets/js/bootstrap/bootstrap-notify.min.js]
[themes.pixelstrap.com/fastkart/assets/js/bootstrap/popper.min.js]
[themes.pixelstrap.com/fastkart/assets/js/feather/feather.min.js]
[themes.pixelstrap.com/fastkart/assets/js/feather/feather-icon.js]
[themes.pixelstrap.com/fastkart/assets/js/lazysizes.min.js]
[themes.pixelstrap.com/fastkart/assets/js/slick/slick.js]
[themes.pixelstrap.com/fastkart/assets/js/slick/slick-animation.min.js]
[themes.pixelstrap.com/fastkart/assets/js/slick/custom_slick.js]
[themes.pixelstrap.com/fastkart/assets/js/auto-height.js]
[themes.pixelstrap.com/fastkart/assets/js/timer1.js]
[themes.pixelstrap.com/fastkart/assets/js/fly-cart.js]
[themes.pixelstrap.com/fastkart/assets/js/quantity-2.js]
[themes.pixelstrap.com/fastkart/assets/js/wow.min.js]
[themes.pixelstrap.com/fastkart/assets/js/custom-wow.js]
[themes.pixelstrap.com/fastkart/assets/js/script.js]
[themes.pixelstrap.com/fastkart/assets/js/theme-setting.js]
[themes.pixelstrap.com/fastkart/front-end/index.html]
[themes.pixelstrap.com/fastkart/assets/css/vendors/bootstrap.css]
[themes.pixelstrap.com/fastkart/assets/css/animate.min.css]
[themes.pixelstrap.com/fastkart/assets/css/bulk-style.css]
[themes.pixelstrap.com/fastkart/assets/css/vendors/animate.css]
[themes.pixelstrap.com/fastkart/assets/css/vendors/slick/ajax-loader.gif]
[themes.pixelstrap.com/fastkart/assets/images/vendor-page/breadcrumb.png]
[themes.pixelstrap.com/fastkart/assets/images/vegetable/shape.png]
[themes.pixelstrap.com/fastkart/assets/images/cake/bg.jpg]
[themes.pixelstrap.com/fastkart/assets/images/vegetable/footer-shape.png]
[themes.pixelstrap.com/fastkart/assets/images/vegetable/footer-shape-2.png]
[themes.pixelstrap.com/fastkart/assets/images/footer-bg.jpg]
[themes.pixelstrap.com/fastkart/assets/images/bg-body.png]
[themes.pixelstrap.com/fastkart/assets/images/furniture/banner/line.png]
[themes.pixelstrap.com/fastkart/assets/images/veg-3/home-bg.png]
[themes.pixelstrap.com/fastkart/assets/images/bg.png]
[themes.pixelstrap.com/fastkart/assets/images/vegetable/newsletter/1.jpg]
[themes.pixelstrap.com/fastkart/assets/images/vegetable/newsletter/2.jpg]
[themes.pixelstrap.com/fastkart/assets/images/veg-3/shape/circle.png]
[themes.pixelstrap.com/fastkart/assets/css/style.css]
[themes.pixelstrap.com/fastkart/assets/images/shop/1.jpg]
[themes.pixelstrap.com/fastkart/assets/images/cake/product/2.png]
[themes.pixelstrap.com/fastkart/assets/images/cake/product/3.png]
[themes.pixelstrap.com/fastkart/assets/images/cake/product/4.png]
[themes.pixelstrap.com/fastkart/assets/images/cake/product/5.png]
[themes.pixelstrap.com/fastkart/assets/images/cake/product/6.png]
[themes.pixelstrap.com/fastkart/assets/images/cake/product/7.png]
[themes.pixelstrap.com/fastkart/assets/images/cake/pro/1.jpg]
[themes.pixelstrap.com/fastkart/assets/js/ion.rangeSlider.min.js]
[themes.pixelstrap.com/fastkart/assets/js/filter-sidebar.js]
[themes.pixelstrap.com/fastkart/front-end/shop-left-sidebar.html]
[themes.pixelstrap.com/fastkart/assets/images/inner-page/contact-us.png]
[themes.pixelstrap.com/fastkart/assets/js/wizard.js]
[themes.pixelstrap.com/fastkart/front-end/contact-us.html]
[themes.pixelstrap.com/fastkart/front-end/wishlist.html]
[themes.pixelstrap.com/fastkart/assets/images/product/category/2.jpg]
[themes.pixelstrap.com/fastkart/assets/images/product/category/3.jpg]
[themes.pixelstrap.com/fastkart/assets/images/product/category/4.jpg]
[themes.pixelstrap.com/fastkart/assets/images/product/category/5.jpg]
[themes.pixelstrap.com/fastkart/assets/images/product/category/6.jpg]
[themes.pixelstrap.com/fastkart/assets/images/review/1.jpg]
[themes.pixelstrap.com/fastkart/assets/images/review/2.jpg]
[themes.pixelstrap.com/fastkart/assets/images/review/3.jpg]
[themes.pixelstrap.com/fastkart/assets/images/review/4.jpg]
[themes.pixelstrap.com/fastkart/assets/images/review/5.jpg]
[themes.pixelstrap.com/fastkart/assets/images/product/vendor.png]
[themes.pixelstrap.com/fastkart/assets/images/cake/product/11.png]
[themes.pixelstrap.com/fastkart/assets/images/fashion/product/26.jpg]
[themes.pixelstrap.com/fastkart/assets/js/custom-slick-animated.js]
[themes.pixelstrap.com/fastkart/assets/js/jquery.elevatezoom.js]
[themes.pixelstrap.com/fastkart/assets/js/zoom-filter.js]
[themes.pixelstrap.com/fastkart/assets/js/sticky-cart-bottom.js]
[themes.pixelstrap.com/fastkart/front-end/product-left-thumbnail.html]
[themes.pixelstrap.com/fastkart/assets/js/quantity.js]
[themes.pixelstrap.com/fastkart/front-end/cart.html]
[themes.pixelstrap.com/fastkart/assets/js/lusqsztk.js]
[themes.pixelstrap.com/fastkart/assets/js/delivery-option.js]
[themes.pixelstrap.com/fastkart/front-end/checkout.html]
[themes.pixelstrap.com/fastkart/assets/images/inner-page/log-in.png]
[themes.pixelstrap.com/fastkart/assets/images/inner-page/google.png]
[themes.pixelstrap.com/fastkart/assets/images/inner-page/facebook.png]
[themes.pixelstrap.com/fastkart/front-end/login.html]
[themes.pixelstrap.com/fastkart/assets/images/inner-page/sign-up.png]
[themes.pixelstrap.com/fastkart/front-end/sign-up.html]
[themes.pixelstrap.com/fastkart/assets/images/inner-page/forgot.png]
[themes.pixelstrap.com/fastkart/front-end/forgot.html]
[themes.pixelstrap.com/fastkart/assets/images/favicon/2.png]
[themes.pixelstrap.com/fastkart/assets/images/logo/2.png]
[themes.pixelstrap.com/fastkart/assets/images/cake/banner/1.jpg]
[themes.pixelstrap.com/fastkart/assets/images/cake/banner/2.jpg]
[themes.pixelstrap.com/fastkart/assets/images/cake/banner/3.jpg]
[themes.pixelstrap.com/fastkart/assets/images/cake/banner/4.jpg]
[themes.pixelstrap.com/fastkart/assets/images/cake/banner/5.jpg]
[themes.pixelstrap.com/fastkart/assets/images/cake/banner/6.jpg]
[themes.pixelstrap.com/fastkart/assets/images/cake/banner/7.jpg]
[themes.pixelstrap.com/fastkart/assets/images/cake/banner/8.jpg]
[themes.pixelstrap.com/fastkart/assets/images/cake/product/1.png]
[themes.pixelstrap.com/fastkart/assets/images/cake/product/8.png]
[themes.pixelstrap.com/fastkart/assets/images/cake/product/9.png]
[themes.pixelstrap.com/fastkart/assets/images/cake/product/10.png]
[themes.pixelstrap.com/fastkart/assets/images/cake/pro/2.jpg]
[themes.pixelstrap.com/fastkart/assets/images/cake/pro/3.jpg]
[themes.pixelstrap.com/fastkart/assets/images/cake/pro/4.jpg]
[themes.pixelstrap.com/fastkart/assets/images/cake/pro/5.jpg]
[themes.pixelstrap.com/fastkart/assets/images/cake/pro/6.jpg]
[themes.pixelstrap.com/fastkart/assets/images/cake/banner/10.jpg]
[themes.pixelstrap.com/fastkart/assets/images/cake/banner/9.jpg]
[themes.pixelstrap.com/fastkart/assets/images/cake/banner/11.jpg]
[themes.pixelstrap.com/fastkart/front-end/index-2.html]
[themes.pixelstrap.com/fastkart/assets/images/favicon/3.png]
[themes.pixelstrap.com/fastkart/assets/images/veg-2/banner/1.jpg]
[themes.pixelstrap.com/fastkart/assets/images/veg-2/banner/2.jpg]
[themes.pixelstrap.com/fastkart/assets/images/veg-2/product/1.png]
[themes.pixelstrap.com/fastkart/assets/images/veg-2/product/2.png]
[themes.pixelstrap.com/fastkart/assets/images/veg-2/product/3.png]
[themes.pixelstrap.com/fastkart/assets/images/veg-2/product/4.png]
[themes.pixelstrap.com/fastkart/assets/images/veg-2/product/5.png]
[themes.pixelstrap.com/fastkart/assets/images/veg-2/product/6.png]
[themes.pixelstrap.com/fastkart/assets/images/veg-2/product/7.png]
[themes.pixelstrap.com/fastkart/assets/images/veg-2/product/8.png]
[themes.pixelstrap.com/fastkart/assets/images/veg-2/product/9.png]
[themes.pixelstrap.com/fastkart/assets/images/veg-2/product/10.png]
[themes.pixelstrap.com/fastkart/assets/images/veg-2/banner/3.jpg]
[themes.pixelstrap.com/fastkart/assets/images/veg-2/product/11.png]
[themes.pixelstrap.com/fastkart/assets/images/veg-2/product/12.png]
[themes.pixelstrap.com/fastkart/assets/images/veg-2/product/13.png]
[themes.pixelstrap.com/fastkart/assets/images/veg-2/product/14.png]
[themes.pixelstrap.com/fastkart/assets/images/veg-2/product/15.png]
[themes.pixelstrap.com/fastkart/assets/images/veg-2/product/16.png]
[themes.pixelstrap.com/fastkart/assets/images/veg-2/product/17.png]
[themes.pixelstrap.com/fastkart/assets/images/veg-2/product/18.png]
[themes.pixelstrap.com/fastkart/assets/images/veg-2/product/19.png]
[themes.pixelstrap.com/fastkart/assets/images/veg-2/product/20.png]
[themes.pixelstrap.com/fastkart/assets/images/veg-2/pro/1.jpg]
[themes.pixelstrap.com/fastkart/assets/images/veg-2/pro/2.jpg]
[themes.pixelstrap.com/fastkart/assets/images/veg-2/pro/3.jpg]
[themes.pixelstrap.com/fastkart/assets/images/veg-2/pro/4.jpg]
[themes.pixelstrap.com/fastkart/assets/images/veg-2/top-selling/1.jpg]
[themes.pixelstrap.com/fastkart/assets/images/veg-2/top-selling/2.jpg]
[themes.pixelstrap.com/fastkart/assets/images/veg-2/top-selling/3.jpg]
[themes.pixelstrap.com/fastkart/assets/images/veg-2/top-selling/4.jpg]
[themes.pixelstrap.com/fastkart/assets/images/veg-2/top-selling/5.jpg]
[themes.pixelstrap.com/fastkart/assets/images/veg-2/top-selling/6.jpg]
[themes.pixelstrap.com/fastkart/assets/images/veg-2/top-selling/7.jpg]
[themes.pixelstrap.com/fastkart/assets/images/veg-2/top-selling/8.jpg]
[themes.pixelstrap.com/fastkart/assets/images/veg-2/top-selling/9.jpg]
[themes.pixelstrap.com/fastkart/assets/images/veg-2/top-selling/10.jpg]
[themes.pixelstrap.com/fastkart/assets/images/veg-2/top-selling/11.jpg]
[themes.pixelstrap.com/fastkart/assets/images/veg-2/top-selling/12.jpg]
[themes.pixelstrap.com/fastkart/assets/images/veg-2/top-selling/13.jpg]
[themes.pixelstrap.com/fastkart/assets/images/veg-2/top-selling/14.jpg]
[themes.pixelstrap.com/fastkart/assets/images/veg-2/top-selling/15.jpg]
[themes.pixelstrap.com/fastkart/assets/images/veg-2/top-selling/16.jpg]
[themes.pixelstrap.com/fastkart/assets/images/veg-2/blog/1.jpg]
[themes.pixelstrap.com/fastkart/assets/images/veg-2/blog/2.jpg]
[themes.pixelstrap.com/fastkart/assets/images/veg-2/blog/3.jpg]
[themes.pixelstrap.com/fastkart/assets/images/veg-2/blog/4.jpg]
[themes.pixelstrap.com/fastkart/assets/images/veg-2/blog/5.jpg]
[themes.pixelstrap.com/fastkart/front-end/index-3.html]
[themes.pixelstrap.com/fastkart/assets/images/favicon/4.png]
[themes.pixelstrap.com/fastkart/assets/images/logo/3.png]
[themes.pixelstrap.com/fastkart/assets/images/icon/music.png]
[themes.pixelstrap.com/fastkart/assets/images/icon/hot-sale.png]
[themes.pixelstrap.com/fastkart/assets/images/veg-3/home/1.png]
[themes.pixelstrap.com/fastkart/assets/images/veg-3/home/2.png]
[themes.pixelstrap.com/fastkart/assets/images/veg-3/home/3.png]
[themes.pixelstrap.com/fastkart/assets/images/veg-3/home/4.png]
[themes.pixelstrap.com/fastkart/assets/images/veg-3/category/1.png]
[themes.pixelstrap.com/fastkart/assets/images/veg-3/category/2.png]
[themes.pixelstrap.com/fastkart/assets/images/veg-3/category/3.png]
[themes.pixelstrap.com/fastkart/assets/images/veg-3/category/4.png]
[themes.pixelstrap.com/fastkart/assets/images/veg-3/category/5.png]
[themes.pixelstrap.com/fastkart/assets/images/veg-3/category/6.png]
[themes.pixelstrap.com/fastkart/assets/images/veg-3/category/7.png]
[themes.pixelstrap.com/fastkart/assets/images/veg-3/category/8.png]
[themes.pixelstrap.com/fastkart/assets/images/veg-3/value/1.png]
[themes.pixelstrap.com/fastkart/assets/images/veg-3/value/2.png]
[themes.pixelstrap.com/fastkart/assets/images/veg-3/value/3.png]
[themes.pixelstrap.com/fastkart/assets/images/veg-3/cate1/1.png]
[themes.pixelstrap.com/fastkart/assets/images/veg-3/cate1/2.png]
[themes.pixelstrap.com/fastkart/assets/images/veg-3/cate1/3.png]
[themes.pixelstrap.com/fastkart/assets/images/veg-3/cate1/5.png]
[themes.pixelstrap.com/fastkart/assets/images/veg-3/cate1/6.png]
[themes.pixelstrap.com/fastkart/assets/images/veg-3/cate1/7.png]
[themes.pixelstrap.com/fastkart/assets/images/veg-3/cate1/9.png]
[themes.pixelstrap.com/fastkart/assets/images/veg-3/cate1/11.png]
[themes.pixelstrap.com/fastkart/assets/images/veg-3/cate1/12.png]
[themes.pixelstrap.com/fastkart/assets/images/veg-3/cate1/13.png]
[themes.pixelstrap.com/fastkart/assets/images/veg-3/cate1/15.png]
[themes.pixelstrap.com/fastkart/assets/images/veg-3/cate1/17.png]
[themes.pixelstrap.com/fastkart/assets/images/veg-3/cate1/18.png]
[themes.pixelstrap.com/fastkart/assets/images/veg-3/cate1/4.png]
[themes.pixelstrap.com/fastkart/assets/images/veg-3/cate1/10.png]
[themes.pixelstrap.com/fastkart/assets/images/veg-3/cate1/8.png]
[themes.pixelstrap.com/fastkart/assets/images/veg-3/cate1/14.png]
[themes.pixelstrap.com/fastkart/assets/images/veg-3/cate1/16.png]
[themes.pixelstrap.com/fastkart/assets/images/veg-3/banner/1.png]
[themes.pixelstrap.com/fastkart/assets/images/veg-3/banner/2.png]
[themes.pixelstrap.com/fastkart/assets/images/veg-3/pro1/1.png]
[themes.pixelstrap.com/fastkart/assets/images/veg-3/pro1/2.png]
[themes.pixelstrap.com/fastkart/assets/images/veg-3/pro1/3.png]
[themes.pixelstrap.com/fastkart/assets/images/veg-3/pro1/4.png]
[themes.pixelstrap.com/fastkart/assets/images/veg-3/pro1/5.png]
[themes.pixelstrap.com/fastkart/assets/images/veg-3/pro1/6.png]
[themes.pixelstrap.com/fastkart/assets/images/veg-3/pro1/7.png]
[themes.pixelstrap.com/fastkart/assets/images/veg-3/pro1/8.png]
[themes.pixelstrap.com/fastkart/assets/images/veg-3/pro1/9.png]
[themes.pixelstrap.com/fastkart/assets/images/veg-3/pro1/10.png]
[themes.pixelstrap.com/fastkart/assets/images/veg-3/pro1/11.png]
[themes.pixelstrap.com/fastkart/assets/images/veg-3/pro1/12.png]
[themes.pixelstrap.com/fastkart/assets/images/veg-3/banner/3.png]
[themes.pixelstrap.com/fastkart/assets/images/veg-3/blog/1.jpg]
[themes.pixelstrap.com/fastkart/assets/images/veg-3/blog/2.jpg]
[themes.pixelstrap.com/fastkart/assets/images/veg-3/blog/3.jpg]
[themes.pixelstrap.com/fastkart/assets/images/veg-3/shape/background.png]
[themes.pixelstrap.com/fastkart/assets/images/veg-3/shape/basket.png]
[themes.pixelstrap.com/fastkart/assets/images/icon/paymant/visa.png]
[themes.pixelstrap.com/fastkart/assets/images/icon/paymant/discover.png]
[themes.pixelstrap.com/fastkart/assets/images/icon/paymant/american.png]
[themes.pixelstrap.com/fastkart/assets/images/icon/paymant/master-card.png]
[themes.pixelstrap.com/fastkart/assets/images/icon/paymant/giro-pay.png]
[themes.pixelstrap.com/fastkart/assets/js/timer2.js]
[themes.pixelstrap.com/fastkart/assets/js/timer3.js]
[themes.pixelstrap.com/fastkart/assets/js/timer4.js]
[themes.pixelstrap.com/fastkart/front-end/index-4.html]
[themes.pixelstrap.com/fastkart/assets/images/favicon/5.png]
[themes.pixelstrap.com/fastkart/assets/css/vendors/ion.rangeSlider.min.css]
[themes.pixelstrap.com/fastkart/assets/css/font-style.css]
[themes.pixelstrap.com/fastkart/assets/images/logo/4.png]
[themes.pixelstrap.com/fastkart/assets/images/icon/support.png]
[themes.pixelstrap.com/fastkart/assets/images/icon/mobile.png]
[themes.pixelstrap.com/fastkart/assets/images/grocery/banner/1.jpg]
[themes.pixelstrap.com/fastkart/assets/images/grocery/banner/3.jpg]
[themes.pixelstrap.com/fastkart/assets/images/grocery/banner/4.jpg]
[themes.pixelstrap.com/fastkart/assets/images/grocery/banner/5.jpg]
[themes.pixelstrap.com/fastkart/assets/images/grocery/category/1.png]
[themes.pixelstrap.com/fastkart/assets/images/grocery/category/2.png]
[themes.pixelstrap.com/fastkart/assets/images/grocery/category/3.png]
[themes.pixelstrap.com/fastkart/assets/images/grocery/category/4.png]
[themes.pixelstrap.com/fastkart/assets/images/grocery/category/5.png]
[themes.pixelstrap.com/fastkart/assets/images/grocery/category/6.png]
[themes.pixelstrap.com/fastkart/assets/images/grocery/category/7.png]
[themes.pixelstrap.com/fastkart/assets/images/grocery/category/8.png]
[themes.pixelstrap.com/fastkart/assets/images/grocery/product/fruits-vegetables/1.png]
[themes.pixelstrap.com/fastkart/assets/images/grocery/product/fruits-vegetables/2.png]
[themes.pixelstrap.com/fastkart/assets/images/grocery/product/fruits-vegetables/3.png]
[themes.pixelstrap.com/fastkart/assets/images/grocery/product/fruits-vegetables/4.png]
[themes.pixelstrap.com/fastkart/assets/images/grocery/product/fruits-vegetables/5.png]
[themes.pixelstrap.com/fastkart/assets/images/grocery/product/fruits-vegetables/6.png]
[themes.pixelstrap.com/fastkart/assets/images/grocery/product/fruits-vegetables/7.png]
[themes.pixelstrap.com/fastkart/assets/images/grocery/product/fruits-vegetables/8.png]
[themes.pixelstrap.com/fastkart/assets/images/grocery/bank/name/1.png]
[themes.pixelstrap.com/fastkart/assets/images/grocery/bank/name/2.png]
[themes.pixelstrap.com/fastkart/assets/images/grocery/bank/name/3.png]
[themes.pixelstrap.com/fastkart/assets/images/grocery/deal/big.png]
[themes.pixelstrap.com/fastkart/assets/images/grocery/deal/1.png]
[themes.pixelstrap.com/fastkart/assets/images/grocery/deal/2.png]
[themes.pixelstrap.com/fastkart/assets/images/grocery/deal/3.png]
[themes.pixelstrap.com/fastkart/assets/images/grocery/deal/4.png]
[themes.pixelstrap.com/fastkart/assets/images/grocery/deal/5.png]
[themes.pixelstrap.com/fastkart/assets/images/grocery/deal/6.png]
[themes.pixelstrap.com/fastkart/assets/images/grocery/deal/7.png]
[themes.pixelstrap.com/fastkart/assets/images/grocery/deal/8.png]
[themes.pixelstrap.com/fastkart/assets/images/grocery/deal/9.png]
[themes.pixelstrap.com/fastkart/assets/images/grocery/product/breakfast/1.png]
[themes.pixelstrap.com/fastkart/assets/images/grocery/product/breakfast/2.png]
[themes.pixelstrap.com/fastkart/assets/images/grocery/product/breakfast/3.png]
[themes.pixelstrap.com/fastkart/assets/images/grocery/product/breakfast/4.png]
[themes.pixelstrap.com/fastkart/assets/images/grocery/product/breakfast/5.png]
[themes.pixelstrap.com/fastkart/assets/images/grocery/product/breakfast/6.png]
[themes.pixelstrap.com/fastkart/assets/images/grocery/product/breakfast/7.png]
[themes.pixelstrap.com/fastkart/assets/images/grocery/product/breakfast/8.png]
[themes.pixelstrap.com/fastkart/assets/images/grocery/product/chemist/1.png]
[themes.pixelstrap.com/fastkart/assets/images/grocery/product/chemist/2.png]
[themes.pixelstrap.com/fastkart/assets/images/grocery/product/chemist/3.png]
[themes.pixelstrap.com/fastkart/assets/images/grocery/product/chemist/4.png]
[themes.pixelstrap.com/fastkart/assets/images/grocery/product/chemist/5.png]
[themes.pixelstrap.com/fastkart/assets/images/grocery/product/chemist/6.png]
[themes.pixelstrap.com/fastkart/assets/images/grocery/product/chemist/7.png]
[themes.pixelstrap.com/fastkart/assets/images/grocery/product/chemist/8.png]
[themes.pixelstrap.com/fastkart/assets/images/grocery/banner/6.jpg]
[themes.pixelstrap.com/fastkart/assets/images/grocery/banner/7.jpg]
[themes.pixelstrap.com/fastkart/assets/images/grocery/product/drink/1.png]
[themes.pixelstrap.com/fastkart/assets/images/grocery/product/drink/2.png]
[themes.pixelstrap.com/fastkart/assets/images/grocery/product/drink/3.png]
[themes.pixelstrap.com/fastkart/assets/images/grocery/product/drink/4.png]
[themes.pixelstrap.com/fastkart/assets/images/grocery/product/drink/5.png]
[themes.pixelstrap.com/fastkart/assets/images/grocery/product/drink/6.png]
[themes.pixelstrap.com/fastkart/assets/images/grocery/product/drink/7.png]
[themes.pixelstrap.com/fastkart/assets/images/grocery/product/drink/8.png]
[themes.pixelstrap.com/fastkart/assets/images/grocery/product/grocery/1.png]
[themes.pixelstrap.com/fastkart/assets/images/grocery/product/grocery/2.png]
[themes.pixelstrap.com/fastkart/assets/images/grocery/product/grocery/3.png]
[themes.pixelstrap.com/fastkart/assets/images/grocery/product/grocery/4.png]
[themes.pixelstrap.com/fastkart/assets/images/grocery/product/grocery/5.png]
[themes.pixelstrap.com/fastkart/assets/images/grocery/product/grocery/6.png]
[themes.pixelstrap.com/fastkart/assets/images/grocery/product/grocery/7.png]
[themes.pixelstrap.com/fastkart/assets/images/grocery/product/grocery/8.png]
[themes.pixelstrap.com/fastkart/assets/images/grocery/banner/8.png]
[themes.pixelstrap.com/fastkart/assets/images/grocery/banner/9.jpg]
[themes.pixelstrap.com/fastkart/assets/images/grocery/product/personal-care/1.png]
[themes.pixelstrap.com/fastkart/assets/images/grocery/product/personal-care/2.png]
[themes.pixelstrap.com/fastkart/assets/images/grocery/product/personal-care/3.png]
[themes.pixelstrap.com/fastkart/assets/images/grocery/product/personal-care/4.png]
[themes.pixelstrap.com/fastkart/assets/images/grocery/product/personal-care/5.png]
[themes.pixelstrap.com/fastkart/assets/images/grocery/product/personal-care/6.png]
[themes.pixelstrap.com/fastkart/assets/images/grocery/product/personal-care/7.png]
[themes.pixelstrap.com/fastkart/assets/images/grocery/product/personal-care/8.png]
[themes.pixelstrap.com/fastkart/assets/images/grocery/product/kichen/1.png]
[themes.pixelstrap.com/fastkart/assets/images/grocery/product/kichen/2.png]
[themes.pixelstrap.com/fastkart/assets/images/grocery/product/kichen/3.png]
[themes.pixelstrap.com/fastkart/assets/images/grocery/product/kichen/4.png]
[themes.pixelstrap.com/fastkart/assets/images/grocery/product/kichen/5.png]
[themes.pixelstrap.com/fastkart/assets/images/grocery/product/kichen/6.png]
[themes.pixelstrap.com/fastkart/assets/images/grocery/product/kichen/7.png]
[themes.pixelstrap.com/fastkart/assets/images/grocery/product/kichen/8.png]
[themes.pixelstrap.com/fastkart/assets/images/grocery/blog/1.jpg]
[themes.pixelstrap.com/fastkart/assets/images/grocery/blog/2.jpg]
[themes.pixelstrap.com/fastkart/assets/images/grocery/blog/3.jpg]
[themes.pixelstrap.com/fastkart/assets/js/clipboard.min.js]
[themes.pixelstrap.com/fastkart/assets/js/copy-clipboard.js]
[themes.pixelstrap.com/fastkart/front-end/index-5.html]
[themes.pixelstrap.com/fastkart/assets/images/favicon/7.png]
[themes.pixelstrap.com/fastkart/assets/images/logo/6.png]
[themes.pixelstrap.com/fastkart/assets/images/furniture/banner/1.jpg]
[themes.pixelstrap.com/fastkart/assets/images/furniture/banner/2.png]
[themes.pixelstrap.com/fastkart/assets/images/furniture/1.png]
[themes.pixelstrap.com/fastkart/assets/images/furniture/2.png]
[themes.pixelstrap.com/fastkart/assets/images/furniture/3.png]
[themes.pixelstrap.com/fastkart/assets/images/furniture/4.png]
[themes.pixelstrap.com/fastkart/assets/images/furniture/5.png]
[themes.pixelstrap.com/fastkart/assets/images/furniture/6.png]
[themes.pixelstrap.com/fastkart/assets/images/furniture/7.png]
[themes.pixelstrap.com/fastkart/assets/images/furniture/8.png]
[themes.pixelstrap.com/fastkart/assets/images/furniture/9.png]
[themes.pixelstrap.com/fastkart/assets/images/furniture/10.png]
[themes.pixelstrap.com/fastkart/assets/images/furniture/banner/4.jpg]
[themes.pixelstrap.com/fastkart/assets/images/furniture/banner/5.jpg]
[themes.pixelstrap.com/fastkart/assets/images/furniture/13.png]
[themes.pixelstrap.com/fastkart/assets/images/furniture/banner/3.jpg]
[themes.pixelstrap.com/fastkart/assets/images/furniture/banner/6.jpg]
[themes.pixelstrap.com/fastkart/assets/images/furniture/banner/1-1.png]
[themes.pixelstrap.com/fastkart/assets/images/furniture/11.png]
[themes.pixelstrap.com/fastkart/assets/images/furniture/12.png]
[themes.pixelstrap.com/fastkart/assets/images/furniture/14.png]
[themes.pixelstrap.com/fastkart/front-end/index-6.html]
[themes.pixelstrap.com/fastkart/assets/images/vegetable/bg-img.jpg]
[themes.pixelstrap.com/fastkart/front-end/index-7.html]
[themes.pixelstrap.com/fastkart/assets/images/favicon/6.png]
[themes.pixelstrap.com/fastkart/assets/images/logo/5.png]
[themes.pixelstrap.com/fastkart/assets/images/grocery/banner/11.jpg]
[themes.pixelstrap.com/fastkart/assets/images/grocery/banner/12.jpg]
[themes.pixelstrap.com/fastkart/front-end/index-8.html]
[themes.pixelstrap.com/fastkart/assets/images/fashion/home-banner/1.jpg]
[themes.pixelstrap.com/fastkart/assets/images/fashion/product/1.jpg]
[themes.pixelstrap.com/fastkart/assets/images/fashion/product/2.jpg]
[themes.pixelstrap.com/fastkart/assets/images/fashion/product/3.jpg]
[themes.pixelstrap.com/fastkart/assets/images/fashion/product/4.jpg]
[themes.pixelstrap.com/fastkart/assets/images/fashion/product/5.jpg]
[themes.pixelstrap.com/fastkart/assets/images/fashion/product/6.jpg]
[themes.pixelstrap.com/fastkart/assets/images/fashion/banner/1.jpg]
[themes.pixelstrap.com/fastkart/assets/images/fashion/banner/2.jpg]
[themes.pixelstrap.com/fastkart/assets/images/fashion/banner/3.jpg]
[themes.pixelstrap.com/fastkart/assets/images/fashion/product/7.jpg]
[themes.pixelstrap.com/fastkart/assets/images/fashion/product/8.jpg]
[themes.pixelstrap.com/fastkart/assets/images/fashion/product/9.jpg]
[themes.pixelstrap.com/fastkart/assets/images/fashion/product/10.jpg]
[themes.pixelstrap.com/fastkart/assets/images/fashion/product/11.jpg]
[themes.pixelstrap.com/fastkart/assets/images/fashion/product/12.jpg]
[themes.pixelstrap.com/fastkart/assets/images/fashion/banner/4.jpg]
[themes.pixelstrap.com/fastkart/front-end/index-9.html]
[themes.pixelstrap.com/fastkart/assets/images/book/banner/1.jpg]
[themes.pixelstrap.com/fastkart/assets/images/book/category/1.jpg]
[themes.pixelstrap.com/fastkart/assets/images/book/category/2.jpg]
[themes.pixelstrap.com/fastkart/assets/images/book/category/3.jpg]
[themes.pixelstrap.com/fastkart/assets/images/book/category/4.jpg]
[themes.pixelstrap.com/fastkart/assets/images/book/category/5.jpg]
[themes.pixelstrap.com/fastkart/assets/images/book/category/6.jpg]
[themes.pixelstrap.com/fastkart/assets/images/book/category/7.jpg]
[themes.pixelstrap.com/fastkart/assets/images/book/category/8.jpg]
[themes.pixelstrap.com/fastkart/assets/images/book/category/9.jpg]
[themes.pixelstrap.com/fastkart/assets/images/book/product/31.jpg]
[themes.pixelstrap.com/fastkart/assets/images/book/product/32.jpg]
[themes.pixelstrap.com/fastkart/assets/images/book/product/33.jpg]
[themes.pixelstrap.com/fastkart/assets/images/book/product/34.jpg]
[themes.pixelstrap.com/fastkart/assets/images/book/product/35.jpg]
[themes.pixelstrap.com/fastkart/assets/images/book/product/36.jpg]
[themes.pixelstrap.com/fastkart/assets/images/book/product/37.jpg]
[themes.pixelstrap.com/fastkart/assets/images/book/product/38.jpg]
[themes.pixelstrap.com/fastkart/assets/images/book/product/39.jpg]
[themes.pixelstrap.com/fastkart/assets/images/book/product/40.jpg]
[themes.pixelstrap.com/fastkart/assets/images/book/product/41.jpg]
[themes.pixelstrap.com/fastkart/assets/images/book/product/42.jpg]
[themes.pixelstrap.com/fastkart/assets/images/book/banner/2.jpg]
[themes.pixelstrap.com/fastkart/assets/images/book/product/43.jpg]
[themes.pixelstrap.com/fastkart/assets/images/book/product/44.jpg]
[themes.pixelstrap.com/fastkart/assets/images/book/product/45.jpg]
[themes.pixelstrap.com/fastkart/assets/images/book/product/1.jpg]
[themes.pixelstrap.com/fastkart/assets/images/book/product/2.jpg]
[themes.pixelstrap.com/fastkart/assets/images/book/product/3.jpg]
[themes.pixelstrap.com/fastkart/assets/images/book/product/4.jpg]
[themes.pixelstrap.com/fastkart/assets/images/book/product/5.jpg]
[themes.pixelstrap.com/fastkart/assets/images/book/product/6.jpg]
[themes.pixelstrap.com/fastkart/assets/images/book/product/7.jpg]
[themes.pixelstrap.com/fastkart/assets/images/book/product/8.jpg]
[themes.pixelstrap.com/fastkart/assets/images/book/product/9.jpg]
[themes.pixelstrap.com/fastkart/assets/images/book/banner/3.jpg]
[themes.pixelstrap.com/fastkart/assets/images/book/product/10.jpg]
[themes.pixelstrap.com/fastkart/assets/images/book/product/11.jpg]
[themes.pixelstrap.com/fastkart/assets/images/book/product/12.jpg]
[themes.pixelstrap.com/fastkart/assets/images/book/product/13.jpg]
[themes.pixelstrap.com/fastkart/assets/images/book/product/14.jpg]
[themes.pixelstrap.com/fastkart/assets/images/book/product/15.jpg]
[themes.pixelstrap.com/fastkart/front-end/index-10.html]
[themes.pixelstrap.com/fastkart/assets/images/home-bg.jpg]
[themes.pixelstrap.com/fastkart/assets/images/digital/theme/1.jpg]
[themes.pixelstrap.com/fastkart/assets/images/digital/theme/2.jpg]
[themes.pixelstrap.com/fastkart/assets/images/digital/theme/3.jpg]
[themes.pixelstrap.com/fastkart/assets/images/digital/theme/4.jpg]
[themes.pixelstrap.com/fastkart/assets/images/digital/theme/5.jpg]
[themes.pixelstrap.com/fastkart/assets/images/digital/theme/6.jpg]
[themes.pixelstrap.com/fastkart/assets/images/digital/theme/7.jpg]
[themes.pixelstrap.com/fastkart/assets/images/digital/theme/8.jpg]
[themes.pixelstrap.com/fastkart/assets/images/brand/dot-net.jpg]
[themes.pixelstrap.com/fastkart/assets/images/brand/ux-design.png]
[themes.pixelstrap.com/fastkart/assets/images/digital/blog/1.jpg]
[themes.pixelstrap.com/fastkart/assets/images/digital/blog/2.jpg]
[themes.pixelstrap.com/fastkart/assets/images/digital/blog/3.jpg]
[themes.pixelstrap.com/fastkart/assets/images/digital/blog/4.jpg]
[themes.pixelstrap.com/fastkart/front-end/index-11.html]
[themes.pixelstrap.com/fastkart/front-end/shop-category-slider.html]
[themes.pixelstrap.com/fastkart/front-end/shop-category.html]
[themes.pixelstrap.com/fastkart/front-end/shop-banner.html]
[themes.pixelstrap.com/fastkart/front-end/shop-list.html]
[themes.pixelstrap.com/fastkart/front-end/shop-right-sidebar.html]
[themes.pixelstrap.com/fastkart/front-end/shop-top-filter.html]
[themes.pixelstrap.com/fastkart/front-end/product-4-image.html]
[themes.pixelstrap.com/fastkart/front-end/product-slider.html]
[themes.pixelstrap.com/fastkart/assets/images/secure_payments.png]
[themes.pixelstrap.com/fastkart/front-end/product-sticky.html]
[themes.pixelstrap.com/fastkart/assets/images/fashion/product/23.jpg]
[themes.pixelstrap.com/fastkart/assets/images/fashion/product/24.jpg]
[themes.pixelstrap.com/fastkart/assets/images/fashion/product/25.jpg]
[themes.pixelstrap.com/fastkart/assets/images/fashion/product/27.png]
[themes.pixelstrap.com/fastkart/assets/images/fashion/product/28.png]
[themes.pixelstrap.com/fastkart/assets/images/fashion/product/29.png]
[themes.pixelstrap.com/fastkart/front-end/product-accordion.html]
[themes.pixelstrap.com/fastkart/front-end/product-circle.html]
[themes.pixelstrap.com/fastkart/assets/images/digital/product/1.jpg]
[s3.envato.com/files/252668307/Icon.jpg]
[themes.pixelstrap.com/fastkart/front-end/product-digital.html]
[themes.pixelstrap.com/fastkart/front-end/product-sold-out.html]
[themes.pixelstrap.com/fastkart/assets/images/fruit/product/1.png]
[themes.pixelstrap.com/fastkart/assets/images/fruit/product/2.png]
[themes.pixelstrap.com/fastkart/assets/images/fruit/product/3.png]
[themes.pixelstrap.com/fastkart/assets/images/fruit/product/4.png]
[themes.pixelstrap.com/fastkart/front-end/product-rectangle.html]
[themes.pixelstrap.com/fastkart/front-end/product-color-image.html]
[themes.pixelstrap.com/fastkart/front-end/product-color.html]
[themes.pixelstrap.com/fastkart/front-end/product-radio.html]
[themes.pixelstrap.com/fastkart/assets/images/veg-2/product/21.png]
[themes.pixelstrap.com/fastkart/assets/images/veg-2/product/22.png]
[themes.pixelstrap.com/fastkart/assets/images/veg-2/product/23.png]
[themes.pixelstrap.com/fastkart/assets/images/veg-2/product/24.png]
[themes.pixelstrap.com/fastkart/front-end/product-dropdown.html]
[themes.pixelstrap.com/fastkart/front-end/product-dynamic.html]
[themes.pixelstrap.com/fastkart/front-end/product-bundle.html]
[themes.pixelstrap.com/fastkart/assets/images/fruit/product/5.png]
[themes.pixelstrap.com/fastkart/assets/images/fruit/product/6.png]
[themes.pixelstrap.com/fastkart/front-end/product-image.html]
[themes.pixelstrap.com/fastkart/assets/images/sizechart.jpg]
[themes.pixelstrap.com/fastkart/front-end/product-size-chart.html]
[themes.pixelstrap.com/fastkart/front-end/product-expert.html]
[themes.pixelstrap.com/fastkart/front-end/product-bottom-thumbnail.html]
[themes.pixelstrap.com/fastkart/front-end/product-right-thumbnail.html]
[themes.pixelstrap.com/fastkart/front-end/demo-personal-portfolio.html]
[themes.pixelstrap.com/fastkart/assets/images/inner-page/blog/1.jpg]
[themes.pixelstrap.com/fastkart/assets/images/inner-page/blog/2.jpg]
[themes.pixelstrap.com/fastkart/assets/images/inner-page/blog/3.jpg]
[themes.pixelstrap.com/fastkart/assets/images/inner-page/blog/4.jpg]
[themes.pixelstrap.com/fastkart/assets/images/inner-page/user/1.jpg]
[themes.pixelstrap.com/fastkart/assets/images/inner-page/user/2.jpg]
[themes.pixelstrap.com/fastkart/assets/images/inner-page/user/3.jpg]
[themes.pixelstrap.com/fastkart/front-end/blog-detail.html]
[themes.pixelstrap.com/fastkart/assets/images/inner-page/blog/5.jpg]
[themes.pixelstrap.com/fastkart/front-end/blog-grid.html]
[themes.pixelstrap.com/fastkart/front-end/blog-list.html]
[cdnjs.cloudflare.com/ajax/libs/animate.css/4.0.0/animate.compat.css]
[themes.pixelstrap.com/fastkart/assets/images/inner-page/404.png]
[themes.pixelstrap.com/fastkart/front-end/404.html]
[themes.pixelstrap.com/fastkart/assets/images/inner-page/about-us/1.jpg]
[themes.pixelstrap.com/fastkart/assets/images/inner-page/about-us/2.jpg]
[themes.pixelstrap.com/fastkart/assets/images/inner-page/user/4.jpg]
[themes.pixelstrap.com/fastkart/front-end/about-us.html]
[themes.pixelstrap.com/fastkart/front-end/coming-soon.html]
[themes.pixelstrap.com/fastkart/assets/images/inner-page/compare/1.png]
[themes.pixelstrap.com/fastkart/assets/images/inner-page/compare/2.png]
[themes.pixelstrap.com/fastkart/assets/images/inner-page/compare/3.png]
[themes.pixelstrap.com/fastkart/assets/images/inner-page/compare/4.png]
[themes.pixelstrap.com/fastkart/assets/js/table-column-remove.js]
[themes.pixelstrap.com/fastkart/front-end/compare.html]
[themes.pixelstrap.com/fastkart/assets/images/inner-page/faq/start.png]
[themes.pixelstrap.com/fastkart/assets/images/inner-page/faq/help.png]
[themes.pixelstrap.com/fastkart/assets/images/inner-page/faq/price.png]
[themes.pixelstrap.com/fastkart/assets/images/inner-page/faq/contact.png]
[themes.pixelstrap.com/fastkart/front-end/faq.html]
[themes.pixelstrap.com/fastkart/front-end/order-success.html]
[themes.pixelstrap.com/fastkart/front-end/order-tracking.html]
[themes.pixelstrap.com/fastkart/assets/images/inner-page/otp.png]
[themes.pixelstrap.com/fastkart/assets/js/otp.js]
[themes.pixelstrap.com/fastkart/front-end/otp.html]
[themes.pixelstrap.com/fastkart/front-end/search.html]
[themes.pixelstrap.com/fastkart/assets/images/inner-page/cover-img.jpg]
[themes.pixelstrap.com/fastkart/assets/images/payment-icon/1.jpg]
[themes.pixelstrap.com/fastkart/assets/images/payment-icon/2.jpg]
[themes.pixelstrap.com/fastkart/assets/images/payment-icon/3.jpg]
[themes.pixelstrap.com/fastkart/assets/images/inner-page/dashboard-profile.png]
[themes.pixelstrap.com/fastkart/assets/images/theme-icon/1.png]
[themes.pixelstrap.com/fastkart/assets/images/theme-icon/2.png]
[themes.pixelstrap.com/fastkart/assets/images/theme-icon/3.png]
[themes.pixelstrap.com/fastkart/assets/js/nav-tab.js]
[themes.pixelstrap.com/fastkart/front-end/user-dashboard.html]
[themes.pixelstrap.com/fastkart/front-end/seller-become.html]
[themes.pixelstrap.com/fastkart/assets/images/vendor-page/logo.png]
[themes.pixelstrap.com/fastkart/assets/js/custom-chart.js]
[themes.pixelstrap.com/fastkart/front-end/seller-dashboard.html]
[themes.pixelstrap.com/fastkart/front-end/seller-detail.html]
[themes.pixelstrap.com/fastkart/front-end/seller-detail-2.html]
[themes.pixelstrap.com/fastkart/assets/images/vendor-page/logo/1.png]
[themes.pixelstrap.com/fastkart/assets/images/vendor-page/logo/2.png]
[themes.pixelstrap.com/fastkart/assets/images/vendor-page/logo/3.png]
[themes.pixelstrap.com/fastkart/assets/images/vendor-page/logo/4.png]
[themes.pixelstrap.com/fastkart/assets/images/vendor-page/logo/5.png]
[themes.pixelstrap.com/fastkart/assets/images/vendor-page/logo/6.png]
[themes.pixelstrap.com/fastkart/assets/images/vendor-page/logo/7.png]
[themes.pixelstrap.com/fastkart/front-end/seller-grid.html]
[themes.pixelstrap.com/fastkart/front-end/seller-grid-2.html]
[themes.pixelstrap.com/fastkart/front-end/product-left.html]
[themes.pixelstrap.com/fastkart/assets/css/slick/fonts/slick.html]
[themes.pixelstrap.com/fastkart/assets/css/slick/fonts/slickd41d.html]
[themes.pixelstrap.com/fastkart/assets/css/slick/fonts/slick-2.html]
[themes.pixelstrap.com/fastkart/assets/css/slick/fonts/slick-3.html]
[themes.pixelstrap.com/fastkart/assets/css/slick/fonts/slick-4.html]
[themes.pixelstrap.com/fastkart/assets/images/grocery/banner/11-bg.html]
[themes.pixelstrap.com/fastkart/front-end/product-left-2.html]
[themes.pixelstrap.com/fastkart/front-end/www.facebook.html]
[themes.pixelstrap.com/fastkart/front-end/www.goolge.html]
[themes.pixelstrap.com/fastkart/front-end/www.twitter.html]
[themes.pixelstrap.com/fastkart/front-end/www.instagram.html]
[themes.pixelstrap.com/fastkart/front-end/www.pinterest.html]
[themes.pixelstrap.com/fastkart/front-end/term_condition.html]
[themes.pixelstrap.com/fastkart/front-end/careers.html]
[themes.pixelstrap.com/fastkart/front-end/vegetables-demo.html]
[themes.pixelstrap.com/fastkart/front-end/spice-demo.html]
[themes.pixelstrap.com/fastkart/front-end/bags-demo.html]
[themes.pixelstrap.com/fastkart/front-end/bakery-demo.html]
[themes.pixelstrap.com/fastkart/front-end/grocery-demo.html]
[themes.pixelstrap.com/fastkart/assets/css/vendors/ion.rangeSlider.min.css]
[themes.pixelstrap.com/fastkart/assets/css/font-style.css]
[cdnjs.cloudflare.com/ajax/libs/animate.css/4.0.0/animate.compat.css]
[themes.pixelstrap.com/fastkart/front-end/product.left-sidebar.html]
[themes.pixelstrap.com/fastkart/assets/images/grocery/banner/2.jpg]
[themes.pixelstrap.com/fastkart/assets/js/apexchart.js]
