[themes.pixelstrap.com/fastkart/back-end/index.html]
[backblue.gif]
[fade.gif]
[index.html]
[themes.pixelstrap.com/fastkart/back-end/assets/images/favicon.png]
[themes.pixelstrap.com/fastkart/back-end/assets/css/linearicon.css]
[themes.pixelstrap.com/fastkart/back-end/assets/css/vendors/font-awesome.css]
[themes.pixelstrap.com/fastkart/back-end/assets/css/vendors/themify.css]
[themes.pixelstrap.com/fastkart/back-end/assets/css/ratio.css]
[themes.pixelstrap.com/fastkart/back-end/assets/css/remixicon.css]
[themes.pixelstrap.com/fastkart/back-end/assets/css/vendors/feather-icon.css]
[themes.pixelstrap.com/fastkart/back-end/assets/css/vendors/scrollbar.css]
[themes.pixelstrap.com/fastkart/back-end/assets/css/vendors/animate.css]
[themes.pixelstrap.com/fastkart/back-end/assets/css/vendors/bootstrap.css]
[themes.pixelstrap.com/fastkart/back-end/assets/css/vector-map.css]
[themes.pixelstrap.com/fastkart/back-end/assets/css/vendors/slick.css]
[themes.pixelstrap.com/fastkart/back-end/assets/css/style.css]
[themes.pixelstrap.com/fastkart/back-end/assets/images/logo/1.png]
[themes.pixelstrap.com/fastkart/back-end/assets/images/logo/1-white.png]
[themes.pixelstrap.com/fastkart/back-end/assets/images/users/4.jpg]
[themes.pixelstrap.com/fastkart/back-end/all-users.html]
[themes.pixelstrap.com/fastkart/back-end/order-list.html]
[themes.pixelstrap.com/fastkart/back-end/support-ticket.html]
[themes.pixelstrap.com/fastkart/back-end/profile-setting.html]
[themes.pixelstrap.com/fastkart/back-end/assets/images/logo/full-white.png]
[themes.pixelstrap.com/fastkart/back-end/assets/images/logo/logo.png]
[themes.pixelstrap.com/fastkart/back-end/assets/images/logo/logo-white.png]
[themes.pixelstrap.com/fastkart/back-end/products.html]
[themes.pixelstrap.com/fastkart/back-end/add-new-product.html]
[themes.pixelstrap.com/fastkart/back-end/category.html]
[themes.pixelstrap.com/fastkart/back-end/add-new-category.html]
[themes.pixelstrap.com/fastkart/back-end/attributes.html]
[themes.pixelstrap.com/fastkart/back-end/add-new-attributes.html]
[themes.pixelstrap.com/fastkart/back-end/add-new-user.html]
[themes.pixelstrap.com/fastkart/back-end/role.html]
[themes.pixelstrap.com/fastkart/back-end/create-role.html]
[themes.pixelstrap.com/fastkart/back-end/media.html]
[themes.pixelstrap.com/fastkart/back-end/order-detail.html]
[themes.pixelstrap.com/fastkart/back-end/order-tracking.html]
[themes.pixelstrap.com/fastkart/back-end/translation.html]
[themes.pixelstrap.com/fastkart/back-end/currency-rates.html]
[themes.pixelstrap.com/fastkart/back-end/coupon-list.html]
[themes.pixelstrap.com/fastkart/back-end/create-coupon.html]
[themes.pixelstrap.com/fastkart/back-end/taxes.html]
[themes.pixelstrap.com/fastkart/back-end/product-review.html]
[themes.pixelstrap.com/fastkart/back-end/reports.html]
[themes.pixelstrap.com/fastkart/back-end/list-page.html]
[themes.pixelstrap.com/fastkart/back-end/assets/svg/vegetable.svg]
[themes.pixelstrap.com/fastkart/back-end/assets/svg/cup.svg]
[themes.pixelstrap.com/fastkart/back-end/assets/svg/meats.svg]
[themes.pixelstrap.com/fastkart/back-end/assets/svg/breakfast.svg]
[themes.pixelstrap.com/fastkart/back-end/assets/svg/frozen.svg]
[themes.pixelstrap.com/fastkart/back-end/assets/svg/milk.svg]
[themes.pixelstrap.com/fastkart/back-end/assets/svg/pet.svg]
[themes.pixelstrap.com/fastkart/back-end/assets/images/product/1.png]
[themes.pixelstrap.com/fastkart/back-end/assets/images/product/2.png]
[themes.pixelstrap.com/fastkart/back-end/assets/images/product/3.png]
[themes.pixelstrap.com/fastkart/back-end/assets/js/jquery-3.6.0.min.js]
[themes.pixelstrap.com/fastkart/back-end/assets/js/bootstrap/bootstrap.bundle.min.js]
[themes.pixelstrap.com/fastkart/back-end/assets/js/icons/feather-icon/feather.min.js]
[themes.pixelstrap.com/fastkart/back-end/assets/js/icons/feather-icon/feather-icon.js]
[themes.pixelstrap.com/fastkart/back-end/assets/js/scrollbar/simplebar.js]
[themes.pixelstrap.com/fastkart/back-end/assets/js/scrollbar/custom.js]
[themes.pixelstrap.com/fastkart/back-end/assets/js/config.js]
[themes.pixelstrap.com/fastkart/back-end/assets/js/tooltip-init.js]
[themes.pixelstrap.com/fastkart/back-end/assets/js/sidebar-menu.js]
[themes.pixelstrap.com/fastkart/back-end/assets/js/notify/bootstrap-notify.min.js]
[themes.pixelstrap.com/fastkart/back-end/assets/js/notify/index.js]
[themes.pixelstrap.com/fastkart/back-end/assets/js/chart/apex-chart/apex-chart1.js]
[themes.pixelstrap.com/fastkart/back-end/assets/js/chart/apex-chart/moment.min.js]
[themes.pixelstrap.com/fastkart/back-end/assets/js/chart/apex-chart/apex-chart.js]
[themes.pixelstrap.com/fastkart/back-end/assets/js/chart/apex-chart/stock-prices.js]
[themes.pixelstrap.com/fastkart/back-end/assets/js/chart/apex-chart/chart-custom1.js]
[themes.pixelstrap.com/fastkart/back-end/assets/js/slick.min.js]
[themes.pixelstrap.com/fastkart/back-end/assets/js/custom-slick.js]
[themes.pixelstrap.com/fastkart/back-end/assets/js/customizer.js]
[themes.pixelstrap.com/fastkart/back-end/assets/js/ratio.js]
[themes.pixelstrap.com/fastkart/back-end/assets/js/sidebareffect.js]
[themes.pixelstrap.com/fastkart/back-end/assets/js/script.js]
[themes.pixelstrap.com/fastkart/back-end/index.html]
[themes.pixelstrap.com/fastkart/back-end/assets/css/linearicon.css]
[themes.pixelstrap.com/fastkart/back-end/assets/fonts/fa-regular-400.eot]
[themes.pixelstrap.com/fastkart/back-end/assets/fonts/fa-regular-400d41d.eot]
[themes.pixelstrap.com/fastkart/back-end/assets/fonts/fa-regular-400.woff2]
[themes.pixelstrap.com/fastkart/back-end/assets/fonts/fa-regular-400.woff]
[themes.pixelstrap.com/fastkart/back-end/assets/fonts/fa-regular-400.ttf]
[themes.pixelstrap.com/fastkart/back-end/assets/fonts/fa-regular-400.svg]
[themes.pixelstrap.com/fastkart/back-end/assets/fonts/fa-brands-400.eot]
[themes.pixelstrap.com/fastkart/back-end/assets/fonts/fa-brands-400.woff2]
[themes.pixelstrap.com/fastkart/back-end/assets/fonts/fa-brands-400.woff]
[themes.pixelstrap.com/fastkart/back-end/assets/fonts/fa-brands-400.ttf]
[themes.pixelstrap.com/fastkart/back-end/assets/fonts/fa-solid-900.eot]
[themes.pixelstrap.com/fastkart/back-end/assets/fonts/fa-brands-400.svg]
[themes.pixelstrap.com/fastkart/back-end/assets/fonts/fa-solid-900d41d.eot]
[themes.pixelstrap.com/fastkart/back-end/assets/fonts/fa-solid-900.woff2]
[themes.pixelstrap.com/fastkart/back-end/assets/fonts/fa-solid-900.woff]
[themes.pixelstrap.com/fastkart/back-end/assets/fonts/fa-solid-900.ttf]
[themes.pixelstrap.com/fastkart/back-end/assets/css/vendors/font-awesome.css]
[themes.pixelstrap.com/fastkart/back-end/assets/fonts/fa-solid-900.svg]
[themes.pixelstrap.com/fastkart/back-end/assets/fonts/themify/themify9f24.eot]
[themes.pixelstrap.com/fastkart/back-end/assets/fonts/themify/themifyd41d.eot]
[themes.pixelstrap.com/fastkart/back-end/assets/fonts/themify/themify9f24.woff]
[themes.pixelstrap.com/fastkart/back-end/assets/fonts/themify/themify9f24.ttf]
[themes.pixelstrap.com/fastkart/back-end/assets/css/vendors/themify.css]
[themes.pixelstrap.com/fastkart/back-end/assets/css/ratio.css]
[themes.pixelstrap.com/fastkart/back-end/assets/fonts/themify/themify9f24.svg]
[themes.pixelstrap.com/fastkart/back-end/assets/fonts/remixicondf6d.eot]
[themes.pixelstrap.com/fastkart/back-end/assets/fonts/remixicondf6d.woff2]
[themes.pixelstrap.com/fastkart/back-end/assets/fonts/remixicondf6d.ttf]
[themes.pixelstrap.com/fastkart/back-end/assets/css/remixicon.css]
[themes.pixelstrap.com/fastkart/back-end/assets/css/vendors/feather-icon.css]
[themes.pixelstrap.com/fastkart/back-end/assets/css/vendors/scrollbar.css]
[themes.pixelstrap.com/fastkart/back-end/assets/css/vendors/animate.css]
[themes.pixelstrap.com/fastkart/back-end/assets/css/vendors/bootstrap.css]
[themes.pixelstrap.com/fastkart/back-end/assets/css/vector-map.css]
[themes.pixelstrap.com/fastkart/back-end/assets/fonts/remixicondf6d.svg]
[themes.pixelstrap.com/fastkart/back-end/assets/images/ajax-loader.gif]
[themes.pixelstrap.com/fastkart/back-end/assets/css/vendors/slick.css]
[themes.pixelstrap.com/fastkart/back-end/assets/images/bg.png]
[themes.pixelstrap.com/fastkart/back-end/assets/css/style.css]
[themes.pixelstrap.com/fastkart/back-end/assets/css/datatables.css]
[themes.pixelstrap.com/fastkart/back-end/assets/images/users/1.jpg]
[themes.pixelstrap.com/fastkart/back-end/assets/images/users/2.jpg]
[themes.pixelstrap.com/fastkart/back-end/assets/images/users/3.jpg]
[themes.pixelstrap.com/fastkart/back-end/assets/images/users/5.jpg]
[themes.pixelstrap.com/fastkart/back-end/assets/js/jquery.dataTables.js]
[themes.pixelstrap.com/fastkart/back-end/assets/js/custom-data-table.js]
[themes.pixelstrap.com/fastkart/back-end/assets/js/checkbox-all-check.js]
[themes.pixelstrap.com/fastkart/back-end/all-users.html]
[cdn.linearicons.com/free/1.0.0/icon-font.min.css]
[themes.pixelstrap.com/fastkart/back-end/assets/images/product/4.png]
[themes.pixelstrap.com/fastkart/back-end/assets/images/product/5.png]
[themes.pixelstrap.com/fastkart/back-end/assets/images/product/6.png]
[themes.pixelstrap.com/fastkart/back-end/assets/images/product/7.png]
[themes.pixelstrap.com/fastkart/back-end/assets/images/product/8.png]
[themes.pixelstrap.com/fastkart/back-end/assets/images/product/9.png]
[themes.pixelstrap.com/fastkart/back-end/assets/images/product/10.png]
[themes.pixelstrap.com/fastkart/back-end/assets/images/product/11.png]
[themes.pixelstrap.com/fastkart/back-end/order-list.html]
[themes.pixelstrap.com/fastkart/back-end/support-ticket.html]
[themes.pixelstrap.com/fastkart/back-end/assets/css/vendors/dropzone.css]
[themes.pixelstrap.com/fastkart/back-end/assets/css/select2.min.css]
[themes.pixelstrap.com/fastkart/back-end/assets/css/vendors/chartist.css]
[themes.pixelstrap.com/fastkart/back-end/assets/css/vendors/date-picker.css]
[themes.pixelstrap.com/fastkart/back-end/assets/css/vendors/bootstrap-tagsinput.css]
[themes.pixelstrap.com/fastkart/back-end/assets/js/bootstrap-tagsinput.min.js]
[themes.pixelstrap.com/fastkart/back-end/assets/js/dropzone/dropzone.js]
[themes.pixelstrap.com/fastkart/back-end/assets/js/dropzone/dropzone-script.js]
[themes.pixelstrap.com/fastkart/back-end/profile-setting.html]
[themes.pixelstrap.com/fastkart/back-end/products.html]
[themes.pixelstrap.com/fastkart/back-end/assets/js/ckeditor-custom.js]
[themes.pixelstrap.com/fastkart/back-end/assets/js/ckeditor.js]
[themes.pixelstrap.com/fastkart/back-end/assets/js/select2.min.js]
[themes.pixelstrap.com/fastkart/back-end/assets/js/select2-custom.js]
[themes.pixelstrap.com/fastkart/back-end/add-new-product.html]
[themes.pixelstrap.com/fastkart/back-end/category.html]
[themes.pixelstrap.com/fastkart/back-end/assets/css/dropzone.css]
[themes.pixelstrap.com/fastkart/back-end/add-new-category.html]
[themes.pixelstrap.com/fastkart/back-end/attributes.html]
[themes.pixelstrap.com/fastkart/back-end/add-new-attributes.html]
[themes.pixelstrap.com/fastkart/back-end/add-new-user.html]
[themes.pixelstrap.com/fastkart/back-end/role.html]
[themes.pixelstrap.com/fastkart/back-end/create-role.html]
[themes.pixelstrap.com/fastkart/back-end/assets/images/product/14.png]
[themes.pixelstrap.com/fastkart/back-end/assets/images/product/13.png]
[themes.pixelstrap.com/fastkart/back-end/assets/images/product/16.png]
[themes.pixelstrap.com/fastkart/back-end/assets/images/product/20.png]
[themes.pixelstrap.com/fastkart/back-end/media.html]
[themes.pixelstrap.com/fastkart/back-end/assets/images/profile/1.jpg]
[themes.pixelstrap.com/fastkart/back-end/assets/images/profile/2.jpg]
[themes.pixelstrap.com/fastkart/back-end/assets/images/profile/3.jpg]
[themes.pixelstrap.com/fastkart/back-end/order-detail.html]
[themes.pixelstrap.com/fastkart/back-end/order-tracking.html]
[themes.pixelstrap.com/fastkart/back-end/translation.html]
[themes.pixelstrap.com/fastkart/back-end/currency-rates.html]
[themes.pixelstrap.com/fastkart/back-end/coupon-list.html]
[themes.pixelstrap.com/fastkart/back-end/create-coupon.html]
[themes.pixelstrap.com/fastkart/back-end/taxes.html]
[themes.pixelstrap.com/fastkart/back-end/product-review.html]
[themes.pixelstrap.com/fastkart/back-end/assets/js/chart/apex-chart/chart-custom.js]
[themes.pixelstrap.com/fastkart/back-end/reports.html]
[themes.pixelstrap.com/fastkart/back-end/list-page.html]
[themes.pixelstrap.com/fastkart/back-end/assets/svg/vegetable.svg]
[themes.pixelstrap.com/fastkart/back-end/assets/svg/cup.svg]
[themes.pixelstrap.com/fastkart/back-end/assets/svg/meats.svg]
[themes.pixelstrap.com/fastkart/back-end/assets/svg/breakfast.svg]
[themes.pixelstrap.com/fastkart/back-end/assets/svg/frozen.svg]
[themes.pixelstrap.com/fastkart/back-end/assets/svg/milk.svg]
[themes.pixelstrap.com/fastkart/back-end/assets/svg/pet.svg]
[themes.pixelstrap.com/fastkart/back-end/assets/fonts/fa-regular-400.svg]
[themes.pixelstrap.com/fastkart/back-end/assets/fonts/fa-brands-400.svg]
[themes.pixelstrap.com/fastkart/back-end/assets/fonts/fa-brands-400d41d.eot]
[themes.pixelstrap.com/fastkart/back-end/assets/fonts/fa-solid-900.svg]
[themes.pixelstrap.com/fastkart/back-end/assets/fonts/themify/themify9f24.svg]
[themes.pixelstrap.com/fastkart/back-end/assets/fonts/remixicondf6d.woff]
[themes.pixelstrap.com/fastkart/back-end/assets/fonts/remixicondf6d.svg]
[themes.pixelstrap.com/fastkart/back-end/assets/css/vendors/fonts/slick.html]
[themes.pixelstrap.com/fastkart/back-end/assets/css/vendors/fonts/slickd41d.html]
[themes.pixelstrap.com/fastkart/back-end/assets/css/vendors/fonts/slick-2.html]
[themes.pixelstrap.com/fastkart/back-end/assets/css/vendors/fonts/slick-3.html]
[themes.pixelstrap.com/fastkart/back-end/assets/css/vendors/fonts/slick-4.html]
[themes.pixelstrap.com/fastkart/back-end/assets/images/other-images/coming-soon-bg.html]
[themes.pixelstrap.com/fastkart/back-end/assets/images/dashboard/bg.html]
[themes.pixelstrap.com/fastkart/back-end/assets/images/other-images/mobile-clock-wallpaper.html]
[themes.pixelstrap.com/fastkart/back-end/assets/images/other-images/clock-face.html]
[themes.pixelstrap.com/fastkart/back-end/assets/images/sec.html]
[themes.pixelstrap.com/fastkart/back-end/assets/images/min.html]
[themes.pixelstrap.com/fastkart/back-end/assets/images/hour.html]
[themes.pixelstrap.com/fastkart/back-end/assets/images/other-images/calender-bg.html]
[themes.pixelstrap.com/fastkart/back-end/assets/images/other-images/maintenance-bg.html]
[themes.pixelstrap.com/fastkart/back-end/assets/assets/images/landing/title.html]
[themes.pixelstrap.com/fastkart/back-end/assets/assets/images/landing/email-bg.html]
[themes.pixelstrap.com/fastkart/back-end/assets/images/landing/left-left.html]
[themes.pixelstrap.com/fastkart/back-end/assets/images/landing/leaf-right.html]
[themes.pixelstrap.com/fastkart/back-end/assets/images/social-app/social-image.html]
[themes.pixelstrap.com/fastkart/back-end/assets/images/other-images/bg-profile.html]
[themes.pixelstrap.com/fastkart/back-end/assets/images/icon/down-.html]
[themes.pixelstrap.com/fastkart/back-end/assets/images/other-images/boxbg.html]
[themes.pixelstrap.com/fastkart/back-end/assets/css/datatables.css]
[cdn.linearicons.com/free/1.0.0/icon-font.min.css]
[cdn.linearicons.com/free/1.0.0/Linearicons-Free.eot]
[themes.pixelstrap.com/fastkart/back-end/assets/css/vendors/dropzone.css]
[themes.pixelstrap.com/fastkart/back-end/assets/css/select2.min.css]
[themes.pixelstrap.com/fastkart/back-end/assets/css/vendors/chartist.css]
[themes.pixelstrap.com/fastkart/back-end/assets/css/vendors/date-picker.css]
[themes.pixelstrap.com/fastkart/back-end/assets/css/vendors/bootstrap-tagsinput.css]
[themes.pixelstrap.com/fastkart/back-end/assets/css/dropzone.css]
[themes.pixelstrap.com/fastkart/back-end/assets/css/vendors/dropzone-spritemap.html]
[themes.pixelstrap.com/fastkart/back-end/assets/css/dropzone-spritemap.html]
